<!DOCTYPE html PUBLIC "-//W3C//DTD HTML 4.01//EN" "http://www.w3.org/TR/html4/strict.dtd">
<html>
<head>
    <meta http-equiv="Content-type" content="text/html;charset=UTF-8">
    <title>#hcoop Log</title>
    <style type="text/css">
pre { white-space: pre-wrap; }
body { background: #f0f0f0; }
body .tm  { color: #007020 }                      /* time */
body .nk  { color: #062873; font-weight: bold }   /* nick, regular */
body .nka { color: #007020; font-weight: bold }   /* action nick */
body .ac  { color: #00A000 }                      /* action line */
body .hi  { color: #4070a0 }                      /* highlights */
body .topic { color: #007020; font-weight: bold }
body .topicline { color: #000080; font-weight: bold }
body .cmd { color: #007020; font-weight: bold }
body .cmdline { font-weight: bold }
    </style>
</head>
<body>
<pre>
<a name="id1"></a><span class="tm">13:14:00</span> <span class="nk">&lt;nick&gt;</span> <span><span>stuff</span></span>

</pre>
</body>
</html>