<!DOCTYPE html PUBLIC "-//W3C//DTD HTML 4.01//EN" "http://www.w3.org/TR/html4/strict.dtd">
<html>
<head>
 <meta http-equiv="Content-type" content="text/html;charset=UTF-8">
 <title>#hcoop Minutes</title>
 <style type="text/css">
body {
    font-family: Helvetica, sans-serif;
    font-size:14px;
}
h1 {
    text-align: center;
}
a {
    color:navy;
    text-decoration: none;
    border-bottom:1px dotted navy;
}
a:hover {
    text-decoration:none;
    border-bottom: 0;
    color:#0000B9;
}
hr {
    border: 1px solid #ccc;
}
.details {
    font-size: 12px;
    font-weight:bold;
}
.event {
    font-weight: bold;
}
.topic {
    font-weight: bold;
}
 </style>
</head>
<body>
    <h1>#hcoop Minutes</h1>
    <span class="details">Meeting started by founder at 2021-04-13 02:06:12+0000 (<a href="log.expected">full logs</a>).</span>
    <h3>Meeting Summary</h3>
    <ol>
        <li>
            <span class="topic">Prologue</span>
            <span class="details">(<a href="log.expected#id1">founder</a>, 13:14:00)</span>
            <ol type="a">
                <li>
                    <span class="event">ACTION: </span>
                            <span class="ACTION">stuff</span>
                    <span class="details">(<a href="log.expected#id2">nick</a>, 13:14:00)</span>
                </li>
            </ol>
        </li>
    </ol>
    <span class="details">Meeting ended at 2021-05-19 23:02:00+0000 (<a href="log.expected">full logs</a>).</span>
    <h3>Action items</h3>
    <ol>
        <li>someone will do something</li>
    </ol>
    <h3>Action items, by person</h3>
    <ol>
        <li>
                someone
                <ol>
                    <li>someone will do something</li>
                </ol>
        </li>
    </ol>
    <h3>People present (lines said)</h3>
    <ol>
        <li>someone (333)</li>
    </ol>
    <span class="details">Generated by <a href="https://github.com/pronovic/hcoop-meetbot">HcoopMeetbot</a> v0.1.0 (unreleased)</span>
</body>
</html>